mysql> create table student(Name varchar(30),Gender char(6));
    -> insert into student('Karthika','F');
    -> insert into student('Ram','M);
    '> select length(name) from student;
    '> select length(gander) from student;
    '> //
    '> //
    '> ^C
mysql> select length(gander) from student;
    -> //
ERROR 1146 (42S02): Table 'onebill.student' doesn't exist
mysql> create table student(Name varchar(30),Gender char(6));
    -> //
Query OK, 0 rows affected (0.46 sec)

mysql> insert into student('Karthika','F');
    -> //
ERROR 1064 (42000): You have an error in your SQL syntax; check the manual that corresponds to your MySQL server version for the right syntax to use near ''Karthika','F')' at line 1
mysql> select * from student;
    -> //
Empty set (0.00 sec)

mysql> insert into student('Karthika','F');
    -> //
ERROR 1064 (42000): You have an error in your SQL syntax; check the manual that corresponds to your MySQL server version for the right syntax to use near ''Karthika','F')' at line 1
mysql> insert into student values('Karthika','F');
    -> //
Query OK, 1 row affected (0.10 sec)

mysql> insert into student values('Ram','M);
    '> //
    '> 
    '> ^C
mysql> insert into student values('Ram','M);
    '> //
    '> ^C
mysql> delimiter ;
mysql> insert into student values('Ram','M);
    '> //
    '> $$
    '> ;
    '> delimiter ;
    '> //
    '> end//
    '> ^C
mysql> exit
